// Jest Snapshot v1, https://goo.gl/fbAQLP

exports[`mock timer helper should skip automatic check when mock timer is being used 1`] = `
"1 Accessibility issues found
 * (link-name) Links must have discernible text: a
	- Help URL: https://dequeuniversity.com/rules/axe/4.3/link-name"
`;

exports[`mock timer helper should skip automatic check when mock timer is being used 2`] = `""`;
